\BOOKMARK [1][-]{section.1}{\376\377\000I\000n\000t\000r\000o\000d\000u\000c\000t\000i\000o\000n}{}% 1
\BOOKMARK [1][-]{section.2}{\376\377\000D\000i\000f\000f\000u\000s\000i\000o\000n\000\040\000M\000o\000d\000e\000l\000\040\000P\000r\000e\000l\000i\000m\000i\000n\000a\000r\000i\000e\000s}{}% 2
\BOOKMARK [1][-]{section.3}{\376\377\000M\000e\000t\000h\000o\000d\000o\000l\000o\000g\000y}{}% 3
\BOOKMARK [2][-]{subsection.3.1}{\376\377\000T\000h\000r\000e\000a\000t\000\040\000M\000o\000d\000e\000l}{section.3}% 4
\BOOKMARK [2][-]{subsection.3.2}{\376\377\000C\000o\000n\000d\000i\000t\000i\000o\000n\000a\000l\000\040\000O\000v\000e\000r\000f\000i\000t\000t\000i\000n\000g\000\040\000P\000h\000e\000n\000o\000m\000e\000n\000o\000n}{section.3}% 5
\BOOKMARK [2][-]{subsection.3.3}{\376\377\000C\000o\000n\000d\000i\000t\000i\000o\000n\000\040\000L\000i\000k\000e\000l\000i\000h\000o\000o\000d\000\040\000D\000i\000s\000c\000r\000e\000p\000a\000n\000c\000y}{section.3}% 6
\BOOKMARK [2][-]{subsection.3.4}{\376\377\000I\000m\000p\000l\000e\000m\000e\000n\000t\000a\000t\000i\000o\000n\000\040\000o\000f\000\040\000C\000L\000i\000D\000-\000M\000I}{section.3}% 7
\BOOKMARK [2][-]{subsection.3.5}{\376\377\000P\000r\000a\000c\000t\000i\000c\000a\000l\000\040\000C\000o\000n\000s\000i\000d\000e\000r\000a\000t\000i\000o\000n\000s}{section.3}% 8
\BOOKMARK [1][-]{section.4}{\376\377\000E\000x\000p\000e\000r\000i\000m\000e\000n\000t\000s}{}% 9
\BOOKMARK [2][-]{subsection.4.1}{\376\377\000S\000e\000t\000u\000p\000s}{section.4}% 10
\BOOKMARK [2][-]{subsection.4.2}{\376\377\000M\000a\000i\000n\000\040\000R\000e\000s\000u\000l\000t\000s}{section.4}% 11
\BOOKMARK [2][-]{subsection.4.3}{\376\377\000P\000e\000r\000f\000o\000r\000m\000a\000n\000c\000e\000\040\000o\000n\000\040\000V\000a\000r\000i\000o\000u\000s\000\040\000T\000r\000a\000i\000n\000i\000n\000g\000\040\000S\000t\000e\000p\000s}{section.4}% 12
\BOOKMARK [2][-]{subsection.4.4}{\376\377\000A\000b\000l\000a\000t\000i\000o\000n\000\040\000S\000t\000u\000d\000y}{section.4}% 13
\BOOKMARK [2][-]{subsection.4.5}{\376\377\000R\000e\000s\000i\000s\000t\000a\000n\000c\000e\000\040\000t\000o\000\040\000D\000e\000f\000e\000n\000s\000e}{section.4}% 14
\BOOKMARK [2][-]{subsection.4.6}{\376\377\000W\000e\000a\000k\000e\000r\000\040\000A\000s\000s\000u\000m\000p\000t\000i\000o\000n}{section.4}% 15
\BOOKMARK [1][-]{section.5}{\376\377\000R\000e\000l\000a\000t\000e\000d\000\040\000W\000o\000r\000k\000s}{}% 16
\BOOKMARK [1][-]{section.6}{\376\377\000C\000o\000n\000c\000l\000u\000s\000i\000o\000n}{}% 17
\BOOKMARK [1][-]{appendix.A}{\376\377\000V\000a\000l\000i\000d\000a\000t\000i\000o\000n\000\040\000o\000f\000\040\000A\000s\000s\000u\000m\000p\000t\000i\000o\000n\000\040\000?\000?\000\040}{}% 18
\BOOKMARK [1][-]{appendix.B}{\376\377\000P\000r\000o\000o\000f\000\040\000o\000f\000\040\000T\000h\000e\000o\000r\000e\000m\000\040\000?\000?}{}% 19
\BOOKMARK [1][-]{appendix.C}{\376\377\000M\000e\000t\000r\000i\000c\000s\000\040\000D\000i\000s\000c\000u\000s\000s\000i\000o\000n\000\040\000o\000f\000\040\000s\000e\000c\000:\000c\000l\000i\000d\000\040}{}% 20
\BOOKMARK [1][-]{appendix.D}{\376\377\000E\000x\000p\000e\000r\000i\000m\000e\000n\000t\000\040\000D\000e\000t\000a\000i\000l\000s}{}% 21
\BOOKMARK [2][-]{subsection.D.1}{\376\377\000M\000o\000n\000t\000e\000\040\000C\000a\000r\000l\000o\000\040\000S\000a\000m\000p\000l\000i\000n\000g}{appendix.D}% 22
\BOOKMARK [2][-]{subsection.D.2}{\376\377\000R\000e\000d\000u\000c\000t\000i\000o\000n\000\040\000M\000e\000t\000h\000o\000d\000s}{appendix.D}% 23
\BOOKMARK [1][-]{appendix.E}{\376\377\000C\000o\000m\000p\000u\000t\000e\000\040\000O\000v\000e\000r\000h\000e\000a\000d\000\040\000a\000n\000d\000\040\000R\000e\000s\000o\000u\000r\000c\000e\000s}{}% 24
\BOOKMARK [1][-]{appendix.F}{\376\377\000E\000t\000h\000i\000c\000s\000\040\000S\000t\000a\000t\000e\000m\000e\000n\000t\000s}{}% 25
